C51 COMPILER V9.60.0.0   MAIN                                                              10/09/2022 09:19:45 PAGE 1   


C51 COMPILER V9.60.0.0, COMPILATION OF MODULE MAIN
OBJECT MODULE PLACED IN .\Objects\main.obj
COMPILER INVOKED BY: C:\Keil_v5\C51\BIN\C51.EXE main.c OPTIMIZE(8,SPEED) BROWSE DEBUG OBJECTEXTEND PRINT(.\Listings\main
                    -.lst) TABS(2) OBJECT(.\Objects\main.obj)

line level    source

   1          #include "main.h"
   2          #include "..\Library\Delay.h"
   3          #include "..\Library\LCD 16x2.h"
   4          
   5          /*
   6          Thanh ghi Timer 16 bit => 2^16-1 = 65535 gia tri
   7          Thach anh 12MHz => Xung cap cho Timer = 12M/12 = 1MHz ~ 1us
   8          
   9          */
  10          
  11          void main()
  12          {
  13   1        unsigned int t,f;
  14   1        
  15   1        LCD_INIT();
  16   1        LCD_OUT_SL(0,0,"T = 00000 us");
  17   1        LCD_OUT_SL(1,0,"f = 00000 Hz");
  18   1        
  19   1        //Cai dat Timer
  20   1        TMOD &= 0xF0;
  21   1        TMOD |= 0x09;   //Gate = 1; M0 = 1; CT = 0 (Mode 1, che do Timer)
  22   1        
  23   1        while(1)
  24   1        {
  25   2          TH0 = 0;
  26   2          TL0 = 0;
  27   2          
  28   2          while(INT0);  //Cho chan do tan so xung == 0    |
  29   2          while(!INT0); //Cho chan do tan so xung == 1    | Bo qua xung dau tien, tranh do duoc 1 phan xung
  30   2          TR0 = 1;      //Bat dau Timer
  31   2          while(INT0);  //Cho chan do tan so xung == 0
  32   2          TR0 = 0;
  33   2          
  34   2          t = TH0;
  35   2          t <<= 8;
  36   2          t |= TL0;     //t = TH0 TL0
  37   2          
  38   2          t = t*2;        //us
  39   2          
  40   2          LCD_CHAR_SL(0,4,t/10000   + 0x30);    //Number + 0x30 = Number in ACSII
  41   2          LCD_CHAR_CL(t%10000/1000  + 0x30);
  42   2          LCD_CHAR_CL(t%1000  /100  + 0x30);
  43   2          LCD_CHAR_CL(t%100 /10     + 0x30);
  44   2          LCD_CHAR_CL(t%10          + 0x30);
  45   2          
  46   2          f = 1000000/t;      //Hz
  47   2          
  48   2          LCD_CHAR_SL(1,4,f/10000   + 0x30);
  49   2          LCD_CHAR_CL(f%10000/1000  + 0x30);
  50   2          LCD_CHAR_CL(f%1000  /100  + 0x30);
  51   2          LCD_CHAR_CL(f%100 /10     + 0x30);
  52   2          LCD_CHAR_CL(f%10          + 0x30);
  53   2        }
  54   1      }
C51 COMPILER V9.60.0.0   MAIN                                                              10/09/2022 09:19:45 PAGE 2   



MODULE INFORMATION:   STATIC OVERLAYABLE
   CODE SIZE        =    371    ----
   CONSTANT SIZE    =     26    ----
   XDATA SIZE       =   ----    ----
   PDATA SIZE       =   ----    ----
   DATA SIZE        =   ----       4
   IDATA SIZE       =   ----    ----
   BIT SIZE         =   ----    ----
END OF MODULE INFORMATION.


C51 COMPILATION COMPLETE.  0 WARNING(S),  0 ERROR(S)
