C51 COMPILER V9.60.0.0   MAIN                                                              09/08/2022 11:36:03 PAGE 1   


C51 COMPILER V9.60.0.0, COMPILATION OF MODULE MAIN
OBJECT MODULE PLACED IN .\Objects\main.obj
COMPILER INVOKED BY: C:\Keil_v5\C51\BIN\C51.EXE main.c OPTIMIZE(8,SPEED) BROWSE DEBUG OBJECTEXTEND PRINT(.\Listings\main
                    -.lst) TABS(2) OBJECT(.\Objects\main.obj)

line level    source

   1          #include "main.h"
   2          #include "port.h"
   3          #include "..\Library\Delay.h"
   4          
   5          
   6          /*
   7          __________________________________________________________________
   8          ___CAC CHAN LCD 16x2___
   9          
  10          VSS: 0V           VDD: 5V           VEE: Dieu chinh do tuong phan
  11          RS: Chon thanh ghi (RS=0: Doc/ghi lenh, RS=1: Doc/du lieu)
  12          R/W': Che do doc/ghi (R/W'=1: Doc (Read), R/W'=0: Ghi (Write))
  13          E: Chan cho phep (Du lieu duoc doc/ghi tai thoi diem chan E chuyen
  14                            trang thai tu cao xuong thap)
  15          DB7-DB0: Bus du lieu de giao tiep voi LCD
  16          LED+: Cuc duong den nen             LED-: Cuc am den nen
  17          __________________________________________________________________
  18          
  19          ___CAC LENH CO BAN LCD 16x2___
  20          
  21          Lenh                  Chuc nang                           T(us)
  22          
  23          0x01    Xoa toan bo noi dung dang hien thi (Clear all)    1502
  24          0x02    Di chuyen con tro ve vi tri dau man hinh          1502
  25          0x06    Tu dong di chuyen con tro den vi tri tiep theo     37
  26                  moi khi xuat ra LCD 1 ky tu
  27          0x0C    Bat hien thi va tat con tro                        37
  28          0x0E    Bat hien thi va bat con tro                        37
  29          0x80    Di chuyen con tro ve dau dong 1                    37
  30          0xC0    Di chuyen con tro ve dau dong 2
  31          0x38    Giao tiep 8 bit, hien thi 2 dong, font 5x7         37
  32          0x28    Giao tiep 4 bit, hien thi 2 dong, font 5x7         37
  33          ___________________________________________________________________
  34          
  35          ___GUI LENH RA LCD___
  36          
  37          B1: R/W'=0                  Chon che do ghi ra LCD
  38          B2: RS=0                    Chon che do doc/ghi lenh
  39          B3: Gui ma Lenh tuong ung   Gui lenh can giao tiep
  40              toi DB7-DB0
  41          B4: E=0                     Tao xung de LCD nhan lenh
  42              E=1
  43          B5: Delay_us(T)             Delay de LCD thuc thi xong lenh
  44          ___________________________________________________________________
  45          
  46          ___GUI DATA RA LCD___
  47          
  48          B1: R/W'=0                  Chon che do ghi ra LCD
  49          B2: RS=1                    Chon che do doc/ghi du lieu
  50          B3: Gui ma ASCII cua ky tu  Gui ky tu can hien thi
  51              toi DB7-DB0
  52          B4: E=0                     Tao xung de LCD nhan du lieu
  53              E=1
  54          B5: Delay_us(T=37us)        Delay de LCD hien thi xong ky tu
C51 COMPILER V9.60.0.0   MAIN                                                              09/08/2022 11:36:03 PAGE 2   

  55          
  56          *LUU Y: Ky tu duoc gui ra LCD se duoc hien thi tai vi tri con tro
  57          ___________________________________________________________________
  58          
  59          ___KHOI TAO LCD___
  60          
  61          Tu khoi tao (HD44780): Che do giao tiep 8 bit, hien thi 1 dong tren,
  62                                 tu dong tang con tro, tat hien thi
  63                                 
  64                                 
  65          */
  66          
  67          void LCD_CMD(unsigned char CMD)
  68          {
  69   1        LCD_RS = 0;
  70   1        LCD_BUS = CMD;
  71   1        LCD_EN = 0;
  72   1        LCD_EN = 1;
  73   1        if(CMD<=0x02)
  74   1          Delay_ms(2);
  75   1        else
  76   1          Delay_ms(1);
  77   1      }
  78          
  79          void LCD_CHAR_CP(char CHAR)   //Hien thi ky tu char tai vi tri hien tai cua con tro (Current Position)
  80          {
  81   1        LCD_RS = 1;
  82   1        LCD_BUS = CHAR;
  83   1        LCD_EN = 0;
  84   1        LCD_EN = 1;
  85   1        Delay_ms(1);
  86   1      }
  87          
  88          void LCD_OUT_CP(char *p_str)  //Truyen con tro
  89          {
  90   1        unsigned char i = 0;
  91   1        while(p_str[i] != 0)      //Check Null trong mang
  92   1        {
  93   2          LCD_CHAR_CP(p_str[i]);
  94   2          i++;
  95   2        }
  96   1      }
  97          
  98          void main()
  99          {
 100   1        LCD_CMD(0x0E);
 101   1        LCD_CHAR_CP('A');
 102   1        LCD_OUT_CP(", xin chao");
 103   1        while(1)
 104   1        {
 105   2        
 106   2        }
 107   1      }
 108          
 109          
 110          
 111          
 112          
 113          
 114          
 115          
 116          
C51 COMPILER V9.60.0.0   MAIN                                                              09/08/2022 11:36:03 PAGE 3   

 117          
 118          
 119          
 120          
 121          
 122          
 123          
 124          
 125          


MODULE INFORMATION:   STATIC OVERLAYABLE
   CODE SIZE        =    106    ----
   CONSTANT SIZE    =     11    ----
   XDATA SIZE       =   ----    ----
   PDATA SIZE       =   ----    ----
   DATA SIZE        =   ----       4
   IDATA SIZE       =   ----    ----
   BIT SIZE         =   ----    ----
END OF MODULE INFORMATION.


C51 COMPILATION COMPLETE.  0 WARNING(S),  0 ERROR(S)
